// Jest Snapshot v1, https://goo.gl/fbAQLP

exports[`<AdminProjectView /> should render itself 1`] = `
ShallowWrapper {
  "length": 1,
  Symbol(enzyme.__root__): [Circular],
  Symbol(enzyme.__unrendered__): <AdminProjectView
    authenticate={
        Object {
            "completed": true,
            "data": "",
            "error": false,
            "message": "",
          }
    }
    dispatch={[Function]}
    item={
        Object {
            "completed": true,
            "data": Object {},
            "error": false,
            "message": "Just a fake message",
          }
    }
    match={
        Object {
            "params": Object {
              "id": "1",
            },
          }
    }
/>,
  Symbol(enzyme.__renderer__): Object {
    "batchedUpdates": [Function],
    "getNode": [Function],
    "render": [Function],
    "simulateEvent": [Function],
    "unmount": [Function],
  },
  Symbol(enzyme.__node__): Object {
    "instance": null,
    "key": undefined,
    "nodeType": "host",
    "props": Object {
      "children": Array [
        <HelmetWrapper
          defer={true}
          encodeSpecialCharacters={true}
          meta={
                    Array [
                              Object {
                                "content": "Admin page",
                                "name": "description",
                              },
                              Object {
                                "content": "Admin page",
                                "property": "og:title",
                              },
                            ]
          }
          title="Admin page"
/>,
        <M
          duration={2000}
          error={false}
          icon="heart"
          message="Just a fake message"
          next={true}
/>,
        <AdminProjectItem
          data={Object {}}
          handleProject={[Function]}
          label="Update project"
/>,
      ],
      "className": "app-view pb5",
    },
    "ref": null,
    "rendered": Array [
      Object {
        "instance": null,
        "key": undefined,
        "nodeType": "class",
        "props": Object {
          "defer": true,
          "encodeSpecialCharacters": true,
          "meta": Array [
            Object {
              "content": "Admin page",
              "name": "description",
            },
            Object {
              "content": "Admin page",
              "property": "og:title",
            },
          ],
          "title": "Admin page",
        },
        "ref": null,
        "rendered": null,
        "type": [Function],
      },
      Object {
        "instance": null,
        "key": undefined,
        "nodeType": "class",
        "props": Object {
          "duration": 2000,
          "error": false,
          "icon": "heart",
          "message": "Just a fake message",
          "next": true,
        },
        "ref": null,
        "rendered": null,
        "type": [Function],
      },
      Object {
        "instance": null,
        "key": undefined,
        "nodeType": "function",
        "props": Object {
          "data": Object {},
          "handleProject": [Function],
          "label": "Update project",
        },
        "ref": null,
        "rendered": null,
        "type": [Function],
      },
    ],
    "type": "section",
  },
  Symbol(enzyme.__nodes__): Array [
    Object {
      "instance": null,
      "key": undefined,
      "nodeType": "host",
      "props": Object {
        "children": Array [
          <HelmetWrapper
            defer={true}
            encodeSpecialCharacters={true}
            meta={
                        Array [
                                    Object {
                                      "content": "Admin page",
                                      "name": "description",
                                    },
                                    Object {
                                      "content": "Admin page",
                                      "property": "og:title",
                                    },
                                  ]
            }
            title="Admin page"
/>,
          <M
            duration={2000}
            error={false}
            icon="heart"
            message="Just a fake message"
            next={true}
/>,
          <AdminProjectItem
            data={Object {}}
            handleProject={[Function]}
            label="Update project"
/>,
        ],
        "className": "app-view pb5",
      },
      "ref": null,
      "rendered": Array [
        Object {
          "instance": null,
          "key": undefined,
          "nodeType": "class",
          "props": Object {
            "defer": true,
            "encodeSpecialCharacters": true,
            "meta": Array [
              Object {
                "content": "Admin page",
                "name": "description",
              },
              Object {
                "content": "Admin page",
                "property": "og:title",
              },
            ],
            "title": "Admin page",
          },
          "ref": null,
          "rendered": null,
          "type": [Function],
        },
        Object {
          "instance": null,
          "key": undefined,
          "nodeType": "class",
          "props": Object {
            "duration": 2000,
            "error": false,
            "icon": "heart",
            "message": "Just a fake message",
            "next": true,
          },
          "ref": null,
          "rendered": null,
          "type": [Function],
        },
        Object {
          "instance": null,
          "key": undefined,
          "nodeType": "function",
          "props": Object {
            "data": Object {},
            "handleProject": [Function],
            "label": "Update project",
          },
          "ref": null,
          "rendered": null,
          "type": [Function],
        },
      ],
      "type": "section",
    },
  ],
  Symbol(enzyme.__options__): Object {
    "adapter": ReactSixteenAdapter {
      "options": Object {
        "enableComponentDidUpdateOnSetState": true,
      },
    },
  },
}
`;
