// Jest Snapshot v1, https://goo.gl/fbAQLP

exports[`<Landing /> should render itself 1`] = `
ShallowWrapper {
  "length": 1,
  Symbol(enzyme.__root__): [Circular],
  Symbol(enzyme.__unrendered__): <Landing
    language={
        Object {
            "current": "eng",
          }
    }
/>,
  Symbol(enzyme.__renderer__): Object {
    "batchedUpdates": [Function],
    "getNode": [Function],
    "render": [Function],
    "simulateEvent": [Function],
    "unmount": [Function],
  },
  Symbol(enzyme.__node__): Object {
    "instance": null,
    "key": undefined,
    "nodeType": "host",
    "props": Object {
      "children": Array [
        <HelmetWrapper
          defer={true}
          encodeSpecialCharacters={true}
          meta={
                    Array [
                              Object {
                                "content": "Hi I'm Xavi, a front-end developer from Lleida (Catalunya) currently living with my wife and our dog and two cats in Ferndale (Michigan).",
                                "name": "description",
                              },
                              Object {
                                "content": "Welcome to  xaviervila.tech",
                                "property": "og:title",
                              },
                            ]
          }
          title="Welcome to  xaviervila.tech"
/>,
        <Background
          title="Landing page"
/>,
        <Connect(Stats)
          DIC={
                    Object {
                              "ABOUT-ME": "ABOUT ME",
                              "BACK": "Back",
                              "BACK_TO": "Back to the landing page",
                              "CONTACT": "CONTACT",
                              "DESCRIPTION": "Hi I'm Xavi, a front-end developer from Lleida (Catalunya) currently living with my wife and our dog and two cats in Ferndale (Michigan).",
                              "DOWNLOADED_RESUME": "Résumé downloaded",
                              "DOWNLOAD_RESUME": "Download Résumé",
                              "EDIT": "EDIT",
                              "FRONTEND": "Front-end developer",
                              "NOT_EXIST": " does not exist.",
                              "NO_POSTS_MSG": "Press a tag button to see content.",
                              "PAGE_NOT_FOUND": "Page not found",
                              "POSTED_AT": "Posted at ",
                              "POSTS": "POSTS",
                              "PROJECTS": "PROJECTS",
                              "RESUME": "Thanks for downloading my Résumé.",
                              "SORRY": "Sorry, but the url: ",
                              "WELCOME": "Welcome to ",
                            }
          }
/>,
      ],
      "className": "app-view app-view-centered",
    },
    "ref": null,
    "rendered": Array [
      Object {
        "instance": null,
        "key": undefined,
        "nodeType": "class",
        "props": Object {
          "defer": true,
          "encodeSpecialCharacters": true,
          "meta": Array [
            Object {
              "content": "Hi I'm Xavi, a front-end developer from Lleida (Catalunya) currently living with my wife and our dog and two cats in Ferndale (Michigan).",
              "name": "description",
            },
            Object {
              "content": "Welcome to  xaviervila.tech",
              "property": "og:title",
            },
          ],
          "title": "Welcome to  xaviervila.tech",
        },
        "ref": null,
        "rendered": null,
        "type": [Function],
      },
      Object {
        "instance": null,
        "key": undefined,
        "nodeType": "class",
        "props": Object {
          "title": "Landing page",
        },
        "ref": null,
        "rendered": null,
        "type": [Function],
      },
      Object {
        "instance": null,
        "key": undefined,
        "nodeType": "class",
        "props": Object {
          "DIC": Object {
            "ABOUT-ME": "ABOUT ME",
            "BACK": "Back",
            "BACK_TO": "Back to the landing page",
            "CONTACT": "CONTACT",
            "DESCRIPTION": "Hi I'm Xavi, a front-end developer from Lleida (Catalunya) currently living with my wife and our dog and two cats in Ferndale (Michigan).",
            "DOWNLOADED_RESUME": "Résumé downloaded",
            "DOWNLOAD_RESUME": "Download Résumé",
            "EDIT": "EDIT",
            "FRONTEND": "Front-end developer",
            "NOT_EXIST": " does not exist.",
            "NO_POSTS_MSG": "Press a tag button to see content.",
            "PAGE_NOT_FOUND": "Page not found",
            "POSTED_AT": "Posted at ",
            "POSTS": "POSTS",
            "PROJECTS": "PROJECTS",
            "RESUME": "Thanks for downloading my Résumé.",
            "SORRY": "Sorry, but the url: ",
            "WELCOME": "Welcome to ",
          },
        },
        "ref": null,
        "rendered": null,
        "type": [Function],
      },
    ],
    "type": "section",
  },
  Symbol(enzyme.__nodes__): Array [
    Object {
      "instance": null,
      "key": undefined,
      "nodeType": "host",
      "props": Object {
        "children": Array [
          <HelmetWrapper
            defer={true}
            encodeSpecialCharacters={true}
            meta={
                        Array [
                                    Object {
                                      "content": "Hi I'm Xavi, a front-end developer from Lleida (Catalunya) currently living with my wife and our dog and two cats in Ferndale (Michigan).",
                                      "name": "description",
                                    },
                                    Object {
                                      "content": "Welcome to  xaviervila.tech",
                                      "property": "og:title",
                                    },
                                  ]
            }
            title="Welcome to  xaviervila.tech"
/>,
          <Background
            title="Landing page"
/>,
          <Connect(Stats)
            DIC={
                        Object {
                                    "ABOUT-ME": "ABOUT ME",
                                    "BACK": "Back",
                                    "BACK_TO": "Back to the landing page",
                                    "CONTACT": "CONTACT",
                                    "DESCRIPTION": "Hi I'm Xavi, a front-end developer from Lleida (Catalunya) currently living with my wife and our dog and two cats in Ferndale (Michigan).",
                                    "DOWNLOADED_RESUME": "Résumé downloaded",
                                    "DOWNLOAD_RESUME": "Download Résumé",
                                    "EDIT": "EDIT",
                                    "FRONTEND": "Front-end developer",
                                    "NOT_EXIST": " does not exist.",
                                    "NO_POSTS_MSG": "Press a tag button to see content.",
                                    "PAGE_NOT_FOUND": "Page not found",
                                    "POSTED_AT": "Posted at ",
                                    "POSTS": "POSTS",
                                    "PROJECTS": "PROJECTS",
                                    "RESUME": "Thanks for downloading my Résumé.",
                                    "SORRY": "Sorry, but the url: ",
                                    "WELCOME": "Welcome to ",
                                  }
            }
/>,
        ],
        "className": "app-view app-view-centered",
      },
      "ref": null,
      "rendered": Array [
        Object {
          "instance": null,
          "key": undefined,
          "nodeType": "class",
          "props": Object {
            "defer": true,
            "encodeSpecialCharacters": true,
            "meta": Array [
              Object {
                "content": "Hi I'm Xavi, a front-end developer from Lleida (Catalunya) currently living with my wife and our dog and two cats in Ferndale (Michigan).",
                "name": "description",
              },
              Object {
                "content": "Welcome to  xaviervila.tech",
                "property": "og:title",
              },
            ],
            "title": "Welcome to  xaviervila.tech",
          },
          "ref": null,
          "rendered": null,
          "type": [Function],
        },
        Object {
          "instance": null,
          "key": undefined,
          "nodeType": "class",
          "props": Object {
            "title": "Landing page",
          },
          "ref": null,
          "rendered": null,
          "type": [Function],
        },
        Object {
          "instance": null,
          "key": undefined,
          "nodeType": "class",
          "props": Object {
            "DIC": Object {
              "ABOUT-ME": "ABOUT ME",
              "BACK": "Back",
              "BACK_TO": "Back to the landing page",
              "CONTACT": "CONTACT",
              "DESCRIPTION": "Hi I'm Xavi, a front-end developer from Lleida (Catalunya) currently living with my wife and our dog and two cats in Ferndale (Michigan).",
              "DOWNLOADED_RESUME": "Résumé downloaded",
              "DOWNLOAD_RESUME": "Download Résumé",
              "EDIT": "EDIT",
              "FRONTEND": "Front-end developer",
              "NOT_EXIST": " does not exist.",
              "NO_POSTS_MSG": "Press a tag button to see content.",
              "PAGE_NOT_FOUND": "Page not found",
              "POSTED_AT": "Posted at ",
              "POSTS": "POSTS",
              "PROJECTS": "PROJECTS",
              "RESUME": "Thanks for downloading my Résumé.",
              "SORRY": "Sorry, but the url: ",
              "WELCOME": "Welcome to ",
            },
          },
          "ref": null,
          "rendered": null,
          "type": [Function],
        },
      ],
      "type": "section",
    },
  ],
  Symbol(enzyme.__options__): Object {
    "adapter": ReactSixteenAdapter {
      "options": Object {
        "enableComponentDidUpdateOnSetState": true,
      },
    },
  },
}
`;
