// Jest Snapshot v1, https://goo.gl/fbAQLP

exports[`<App /> should render itself 1`] = `
ShallowWrapper {
  "length": 1,
  Symbol(enzyme.__root__): [Circular],
  Symbol(enzyme.__unrendered__): <App />,
  Symbol(enzyme.__renderer__): Object {
    "batchedUpdates": [Function],
    "getNode": [Function],
    "render": [Function],
    "simulateEvent": [Function],
    "unmount": [Function],
  },
  Symbol(enzyme.__node__): Object {
    "instance": null,
    "key": undefined,
    "nodeType": "host",
    "props": Object {
      "children": Array [
        <HelmetWrapper
          defaultTitle="Xavi Vilà - front-end developer"
          defer={true}
          encodeSpecialCharacters={true}
          titleTemplate="%s | Xavier Vilà - front-end developer"
>
          <link
                    href="http://xaviervila.tech"
                    rel="canonical"
          />
          <meta
                    content="Hi I'm Xavi, a front-end developer from Lleida (Catalunya) currently living with my wife and our dog and two cats in Ferndale (Michigan)."
                    name="description"
          />
</HelmetWrapper>,
        <Connect(Component) />,
        <Routes />,
        <Footer />,
      ],
      "className": "app-root",
    },
    "ref": null,
    "rendered": Array [
      Object {
        "instance": null,
        "key": undefined,
        "nodeType": "class",
        "props": Object {
          "children": Array [
            <link
              href="http://xaviervila.tech"
              rel="canonical"
/>,
            <meta
              content="Hi I'm Xavi, a front-end developer from Lleida (Catalunya) currently living with my wife and our dog and two cats in Ferndale (Michigan)."
              name="description"
/>,
          ],
          "defaultTitle": "Xavi Vilà - front-end developer",
          "defer": true,
          "encodeSpecialCharacters": true,
          "titleTemplate": "%s | Xavier Vilà - front-end developer",
        },
        "ref": null,
        "rendered": Array [
          Object {
            "instance": null,
            "key": undefined,
            "nodeType": "host",
            "props": Object {
              "href": "http://xaviervila.tech",
              "rel": "canonical",
            },
            "ref": null,
            "rendered": null,
            "type": "link",
          },
          Object {
            "instance": null,
            "key": undefined,
            "nodeType": "host",
            "props": Object {
              "content": "Hi I'm Xavi, a front-end developer from Lleida (Catalunya) currently living with my wife and our dog and two cats in Ferndale (Michigan).",
              "name": "description",
            },
            "ref": null,
            "rendered": null,
            "type": "meta",
          },
        ],
        "type": [Function],
      },
      Object {
        "instance": null,
        "key": undefined,
        "nodeType": "class",
        "props": Object {},
        "ref": null,
        "rendered": null,
        "type": [Function],
      },
      Object {
        "instance": null,
        "key": undefined,
        "nodeType": "function",
        "props": Object {},
        "ref": null,
        "rendered": null,
        "type": [Function],
      },
      Object {
        "instance": null,
        "key": undefined,
        "nodeType": "function",
        "props": Object {},
        "ref": null,
        "rendered": null,
        "type": [Function],
      },
    ],
    "type": "main",
  },
  Symbol(enzyme.__nodes__): Array [
    Object {
      "instance": null,
      "key": undefined,
      "nodeType": "host",
      "props": Object {
        "children": Array [
          <HelmetWrapper
            defaultTitle="Xavi Vilà - front-end developer"
            defer={true}
            encodeSpecialCharacters={true}
            titleTemplate="%s | Xavier Vilà - front-end developer"
>
            <link
                        href="http://xaviervila.tech"
                        rel="canonical"
            />
            <meta
                        content="Hi I'm Xavi, a front-end developer from Lleida (Catalunya) currently living with my wife and our dog and two cats in Ferndale (Michigan)."
                        name="description"
            />
</HelmetWrapper>,
          <Connect(Component) />,
          <Routes />,
          <Footer />,
        ],
        "className": "app-root",
      },
      "ref": null,
      "rendered": Array [
        Object {
          "instance": null,
          "key": undefined,
          "nodeType": "class",
          "props": Object {
            "children": Array [
              <link
                href="http://xaviervila.tech"
                rel="canonical"
/>,
              <meta
                content="Hi I'm Xavi, a front-end developer from Lleida (Catalunya) currently living with my wife and our dog and two cats in Ferndale (Michigan)."
                name="description"
/>,
            ],
            "defaultTitle": "Xavi Vilà - front-end developer",
            "defer": true,
            "encodeSpecialCharacters": true,
            "titleTemplate": "%s | Xavier Vilà - front-end developer",
          },
          "ref": null,
          "rendered": Array [
            Object {
              "instance": null,
              "key": undefined,
              "nodeType": "host",
              "props": Object {
                "href": "http://xaviervila.tech",
                "rel": "canonical",
              },
              "ref": null,
              "rendered": null,
              "type": "link",
            },
            Object {
              "instance": null,
              "key": undefined,
              "nodeType": "host",
              "props": Object {
                "content": "Hi I'm Xavi, a front-end developer from Lleida (Catalunya) currently living with my wife and our dog and two cats in Ferndale (Michigan).",
                "name": "description",
              },
              "ref": null,
              "rendered": null,
              "type": "meta",
            },
          ],
          "type": [Function],
        },
        Object {
          "instance": null,
          "key": undefined,
          "nodeType": "class",
          "props": Object {},
          "ref": null,
          "rendered": null,
          "type": [Function],
        },
        Object {
          "instance": null,
          "key": undefined,
          "nodeType": "function",
          "props": Object {},
          "ref": null,
          "rendered": null,
          "type": [Function],
        },
        Object {
          "instance": null,
          "key": undefined,
          "nodeType": "function",
          "props": Object {},
          "ref": null,
          "rendered": null,
          "type": [Function],
        },
      ],
      "type": "main",
    },
  ],
  Symbol(enzyme.__options__): Object {
    "adapter": ReactSixteenAdapter {
      "options": Object {
        "enableComponentDidUpdateOnSetState": true,
      },
    },
  },
}
`;
