// Jest Snapshot v1, https://goo.gl/fbAQLP

exports[`<AdminList /> should render itself 1`] = `
ShallowWrapper {
  "length": 1,
  Symbol(enzyme.__root__): [Circular],
  Symbol(enzyme.__unrendered__): <AdminList
    data={
        Array [
            Object {
              "_id": "1",
              "title": "just a fake title",
            },
          ]
    }
    handleRemove={[Function]}
    type="posts"
/>,
  Symbol(enzyme.__renderer__): Object {
    "batchedUpdates": [Function],
    "getNode": [Function],
    "render": [Function],
    "simulateEvent": [Function],
    "unmount": [Function],
  },
  Symbol(enzyme.__node__): Object {
    "instance": null,
    "key": undefined,
    "nodeType": "host",
    "props": Object {
      "children": Array [
        <h2
          className="app-grid-header tit-section"
>
          Posts
</h2>,
        <div
          className="app-grid-body"
>
          <div
                    className="app-grid-list"
          >
                    <h3
                              className="app-grid-list-item1"
                    >
                              just a fake title
                    </h3>
                    <Link
                              className="app-grid-list-item2 btn btn-icon icon-pen-angled"
                              replace={false}
                              to="/admin/posts/1"
                    />
                    <button
                              className="app-grid-list-item3 btn btn-icon icon-trash-can"
                              onClick={[Function]}
                    />
          </div>
</div>,
      ],
      "className": "app-grid",
    },
    "ref": null,
    "rendered": Array [
      Object {
        "instance": null,
        "key": undefined,
        "nodeType": "host",
        "props": Object {
          "children": "Posts",
          "className": "app-grid-header tit-section",
        },
        "ref": null,
        "rendered": "Posts",
        "type": "h2",
      },
      Object {
        "instance": null,
        "key": undefined,
        "nodeType": "host",
        "props": Object {
          "children": Array [
            Array [
              <div
                className="app-grid-list"
>
                <h3
                                className="app-grid-list-item1"
                >
                                just a fake title
                </h3>
                <Link
                                className="app-grid-list-item2 btn btn-icon icon-pen-angled"
                                replace={false}
                                to="/admin/posts/1"
                />
                <button
                                className="app-grid-list-item3 btn btn-icon icon-trash-can"
                                onClick={[Function]}
                />
</div>,
            ],
            false,
          ],
          "className": "app-grid-body",
        },
        "ref": null,
        "rendered": Array [
          Object {
            "instance": null,
            "key": "1",
            "nodeType": "host",
            "props": Object {
              "children": Array [
                <h3
                  className="app-grid-list-item1"
>
                  just a fake title
</h3>,
                <Link
                  className="app-grid-list-item2 btn btn-icon icon-pen-angled"
                  replace={false}
                  to="/admin/posts/1"
/>,
                <button
                  className="app-grid-list-item3 btn btn-icon icon-trash-can"
                  onClick={[Function]}
/>,
              ],
              "className": "app-grid-list",
            },
            "ref": null,
            "rendered": Array [
              Object {
                "instance": null,
                "key": undefined,
                "nodeType": "host",
                "props": Object {
                  "children": "just a fake title",
                  "className": "app-grid-list-item1",
                },
                "ref": null,
                "rendered": "just a fake title",
                "type": "h3",
              },
              Object {
                "instance": null,
                "key": undefined,
                "nodeType": "class",
                "props": Object {
                  "className": "app-grid-list-item2 btn btn-icon icon-pen-angled",
                  "replace": false,
                  "to": "/admin/posts/1",
                },
                "ref": null,
                "rendered": null,
                "type": [Function],
              },
              Object {
                "instance": null,
                "key": undefined,
                "nodeType": "host",
                "props": Object {
                  "className": "app-grid-list-item3 btn btn-icon icon-trash-can",
                  "onClick": [Function],
                },
                "ref": null,
                "rendered": null,
                "type": "button",
              },
            ],
            "type": "div",
          },
          false,
        ],
        "type": "div",
      },
    ],
    "type": "article",
  },
  Symbol(enzyme.__nodes__): Array [
    Object {
      "instance": null,
      "key": undefined,
      "nodeType": "host",
      "props": Object {
        "children": Array [
          <h2
            className="app-grid-header tit-section"
>
            Posts
</h2>,
          <div
            className="app-grid-body"
>
            <div
                        className="app-grid-list"
            >
                        <h3
                                    className="app-grid-list-item1"
                        >
                                    just a fake title
                        </h3>
                        <Link
                                    className="app-grid-list-item2 btn btn-icon icon-pen-angled"
                                    replace={false}
                                    to="/admin/posts/1"
                        />
                        <button
                                    className="app-grid-list-item3 btn btn-icon icon-trash-can"
                                    onClick={[Function]}
                        />
            </div>
</div>,
        ],
        "className": "app-grid",
      },
      "ref": null,
      "rendered": Array [
        Object {
          "instance": null,
          "key": undefined,
          "nodeType": "host",
          "props": Object {
            "children": "Posts",
            "className": "app-grid-header tit-section",
          },
          "ref": null,
          "rendered": "Posts",
          "type": "h2",
        },
        Object {
          "instance": null,
          "key": undefined,
          "nodeType": "host",
          "props": Object {
            "children": Array [
              Array [
                <div
                  className="app-grid-list"
>
                  <h3
                                    className="app-grid-list-item1"
                  >
                                    just a fake title
                  </h3>
                  <Link
                                    className="app-grid-list-item2 btn btn-icon icon-pen-angled"
                                    replace={false}
                                    to="/admin/posts/1"
                  />
                  <button
                                    className="app-grid-list-item3 btn btn-icon icon-trash-can"
                                    onClick={[Function]}
                  />
</div>,
              ],
              false,
            ],
            "className": "app-grid-body",
          },
          "ref": null,
          "rendered": Array [
            Object {
              "instance": null,
              "key": "1",
              "nodeType": "host",
              "props": Object {
                "children": Array [
                  <h3
                    className="app-grid-list-item1"
>
                    just a fake title
</h3>,
                  <Link
                    className="app-grid-list-item2 btn btn-icon icon-pen-angled"
                    replace={false}
                    to="/admin/posts/1"
/>,
                  <button
                    className="app-grid-list-item3 btn btn-icon icon-trash-can"
                    onClick={[Function]}
/>,
                ],
                "className": "app-grid-list",
              },
              "ref": null,
              "rendered": Array [
                Object {
                  "instance": null,
                  "key": undefined,
                  "nodeType": "host",
                  "props": Object {
                    "children": "just a fake title",
                    "className": "app-grid-list-item1",
                  },
                  "ref": null,
                  "rendered": "just a fake title",
                  "type": "h3",
                },
                Object {
                  "instance": null,
                  "key": undefined,
                  "nodeType": "class",
                  "props": Object {
                    "className": "app-grid-list-item2 btn btn-icon icon-pen-angled",
                    "replace": false,
                    "to": "/admin/posts/1",
                  },
                  "ref": null,
                  "rendered": null,
                  "type": [Function],
                },
                Object {
                  "instance": null,
                  "key": undefined,
                  "nodeType": "host",
                  "props": Object {
                    "className": "app-grid-list-item3 btn btn-icon icon-trash-can",
                    "onClick": [Function],
                  },
                  "ref": null,
                  "rendered": null,
                  "type": "button",
                },
              ],
              "type": "div",
            },
            false,
          ],
          "type": "div",
        },
      ],
      "type": "article",
    },
  ],
  Symbol(enzyme.__options__): Object {
    "adapter": ReactSixteenAdapter {
      "options": Object {
        "enableComponentDidUpdateOnSetState": true,
      },
    },
  },
}
`;
