// Jest Snapshot v1, https://goo.gl/fbAQLP

exports[`<Loader /> should render itself 1`] = `
ShallowWrapper {
  "length": 1,
  Symbol(enzyme.__root__): [Circular],
  Symbol(enzyme.__unrendered__): <Loader
    msg="Just a test message"
/>,
  Symbol(enzyme.__renderer__): Object {
    "batchedUpdates": [Function],
    "getNode": [Function],
    "render": [Function],
    "simulateEvent": [Function],
    "unmount": [Function],
  },
  Symbol(enzyme.__node__): Object {
    "instance": null,
    "key": undefined,
    "nodeType": "host",
    "props": Object {
      "children": Array [
        <img
          alt="Loader icon"
          className="app-loader-icon icon-spinner3"
          src="loader.png"
/>,
        <h3
          className="app-loader-msg"
>
          Just a test message
</h3>,
      ],
      "className": "app-loader",
    },
    "ref": null,
    "rendered": Array [
      Object {
        "instance": null,
        "key": undefined,
        "nodeType": "host",
        "props": Object {
          "alt": "Loader icon",
          "className": "app-loader-icon icon-spinner3",
          "src": "loader.png",
        },
        "ref": null,
        "rendered": null,
        "type": "img",
      },
      Object {
        "instance": null,
        "key": undefined,
        "nodeType": "host",
        "props": Object {
          "children": "Just a test message",
          "className": "app-loader-msg",
        },
        "ref": null,
        "rendered": "Just a test message",
        "type": "h3",
      },
    ],
    "type": "div",
  },
  Symbol(enzyme.__nodes__): Array [
    Object {
      "instance": null,
      "key": undefined,
      "nodeType": "host",
      "props": Object {
        "children": Array [
          <img
            alt="Loader icon"
            className="app-loader-icon icon-spinner3"
            src="loader.png"
/>,
          <h3
            className="app-loader-msg"
>
            Just a test message
</h3>,
        ],
        "className": "app-loader",
      },
      "ref": null,
      "rendered": Array [
        Object {
          "instance": null,
          "key": undefined,
          "nodeType": "host",
          "props": Object {
            "alt": "Loader icon",
            "className": "app-loader-icon icon-spinner3",
            "src": "loader.png",
          },
          "ref": null,
          "rendered": null,
          "type": "img",
        },
        Object {
          "instance": null,
          "key": undefined,
          "nodeType": "host",
          "props": Object {
            "children": "Just a test message",
            "className": "app-loader-msg",
          },
          "ref": null,
          "rendered": "Just a test message",
          "type": "h3",
        },
      ],
      "type": "div",
    },
  ],
  Symbol(enzyme.__options__): Object {
    "adapter": ReactSixteenAdapter {
      "options": Object {
        "enableComponentDidUpdateOnSetState": true,
      },
    },
  },
}
`;
